======================
Tests for add_integers
======================

>>> import importlib
>>> add_integer = importlib.import_module('0-add_integer').add_integer

>>> add_integer(2, 3)
5

>>> add_integer("Hello", 3)
Traceback (most recent call last):
...
TypeError: a must be an integer

>>> add_integer(None)
Traceback (most recent call last):
...
TypeError: a must be an integer

>>> add_integer(float('inf'))
Traceback (most recent call last):
...
OverflowError: cannot convert float infinity to integer

>>> add_integer(nan)
Traceback (most recent call last):
...
NameError: name 'nan' is not defined

>>> add_integer()
Traceback (most recent call last):
...
TypeError: add_integer() missing 1 required positional argument: 'a'

>>> add_integer(int('nan'))
Traceback (most recent call last):
...
ValueError: invalid literal for int() with base 10: 'nan'